SELECT reversetext('Hello World!');
 reversetext  
--------------
 !dlroW olleH
(1 row)

