SELECT copytext('Hello World!');
   copytext   
--------------
 Hello World!
(1 row)

